// Jest Snapshot v1, https://goo.gl/fbAQLP

exports[`should render correctly 1`] = `
<ForwardRef(NavigationContainer)>
  <AppStack />
</ForwardRef(NavigationContainer)>
`;
