// Jest Snapshot v1, https://goo.gl/fbAQLP

exports[`Home tests should render correctly 1`] = `
<HomeScreen>
  <View
    style={
      Object {
        "alignItems": "center",
        "flex": 1,
        "justifyContent": "center",
      }
    }
  >
    <View
      style={
        Object {
          "alignItems": "center",
          "flex": 1,
          "justifyContent": "center",
        }
      }
    >
      <Text>
        <Text>
          This is the Homescreen
        </Text>
      </Text>
    </View>
  </View>
</HomeScreen>
`;
