// Jest Snapshot v1, https://goo.gl/fbAQLP

exports[`should render correctly 1`] = `
<SafeAreaProvider>
  <ThemeContextProvider>
    <ForwardRef(NavigationContainer)>
      <AppStack />
    </ForwardRef(NavigationContainer)>
  </ThemeContextProvider>
</SafeAreaProvider>
`;
