// Jest Snapshot v1, https://goo.gl/fbAQLP

exports[`should render correctly 1`] = `
<AppTree>
  <SafeAreaProvider>
    <ThemeContextProvider>
      <ProfileScreen1>
        <SafeAreaView
          style={
            Object {
              "alignItems": "center",
              "flex": 1,
              "justifyContent": "center",
            }
          }
        >
          <Text>
            <Text>
              This is the ProfileScreen1
            </Text>
          </Text>
        </SafeAreaView>
      </ProfileScreen1>
    </ThemeContextProvider>
  </SafeAreaProvider>
</AppTree>
`;
